// Jest Snapshot v1, https://goo.gl/fbAQLP

exports[`Pruebas en <FirstApp /> deberia hacer match con el snapshot 1`] = `
<div>
  <h1
    data-testid="test-title"
  >
    Hola, soy Goku
  </h1>
  <p>
    No hay subTitle
  </p>
  <p>
    Francisco Timez
  </p>
</div>
`;
